
D:\4Tier\Tc12SOATestFramewrk>cd /d D:\4Tier\Tc12SOATestFramewrk 

D:\4Tier\Tc12SOATestFramewrk>Set JAVA_HOME=C:\apps\Java\jdk8x64 

D:\4Tier\Tc12SOATestFramewrk>Set PATH=C:\apps\Java\jdk8x64\bin;C:\apps\Java\jdk8x64\bin;C:\apps\Java\jdk8x64\bin;C:\apps\Java\jdk8x64\bin;C:\apps\Java\jdk8x64\bin;C:\apps\Java\jdk8x64\bin;C:\apps\Java\jdk8x64\bin;C:\apps\Scripts\;C:\apps\;C:\Perl64\site\bin;C:\Perl64\bin;C:\ProgramData\Oracle\Java\javapath;C:\WINDOWS\system32;C:\WINDOWS;C:\WINDOWS\System32\Wbem;C:\WINDOWS\System32\WindowsPowerShell\v1.0\;C:\Program Files\Microsoft\Web Platform Installer\;C:\Program Files (x86)\Microsoft ASP.NET\ASP.NET Web Pages\v1.0\;C:\Program Files\Microsoft SQL Server\110\Tools\Binn\;C:\WINDOWS\system32\config\systemprofile\.dnx\bin;C:\Program Files\Microsoft DNX\Dnvm\;C:\Program Files\Microsoft SQL Server\120\Tools\Binn\;C:\Program Files (x86)\Windows Kits\10\Windows Performance Toolkit\;C:\Program Files\Java\jdk-12.0.2\bin;C:\Program Files\MySQL\MySQL Utilities 1.6\;C:\Program Files\nodejs\;C:\Program Files\TortoiseGit\bin;D:\git_aw_dash\aw_pipline_dashboard\Front_End\PieChart\node_modules;C:\Apps\Putty\;C:\WINDOWS\System32\OpenSSH\;C:\Strawberry\c\bin;C:\Strawberry\perl\site\bin;C:\Strawberry\perl\bin;C:\apache-maven-3.6.3\bin;C:\Users\sfo3mm\AppData\Local\Microsoft\WindowsApps;C:\Users\sfo3mm\AppData\Local\Programs\Microsoft VS Code\bin;C:\Users\sfo3mm\AppData\Roaming\npm;C:\Users\sfo3mm\AppData\Local\Programs\Git\cmd; 

D:\4Tier\Tc12SOATestFramewrk>set CLASSPATH=. 

D:\4Tier\Tc12SOATestFramewrk>set CLASSPATH=.;D:\4Tier\Tc12SOATestFramewrk\libs\*;D:\4Tier\Tc12SOATestFramewrk\libs\SOAlibs\*;D:\4Tier\Tc12SOATestFramewrk\bin\; 

D:\4Tier\Tc12SOATestFramewrk>java cucumber.api.cli.Main --glue com.siemens.soa.util.tests feature/itemcreate.feature 
10-02 16:20:22 ERROR com.teamcenter.soa.internal.client.HttpTransport - Received an unexpected HTTP response from the server with status code 404
10-02 16:20:22 ERROR com.teamcenter.soa.internal.client.HttpTransport - <!DOCTYPE html PUBLIC "-//W3C//DTD XHTML 1.0 Strict//EN" "http://www.w3.org/TR/xhtml1/DTD/xhtml1-strict.dtd">
<html xmlns="http://www.w3.org/1999/xhtml">
<head>
<meta http-equiv="Content-Type" content="text/html; charset=iso-8859-1"/>
<title>404 - File or directory not found.</title>
<style type="text/css">
<!--
body{margin:0;font-size:.7em;font-family:Verdana, Arial, Helvetica, sans-serif;background:#EEEEEE;}
fieldset{padding:0 15px 10px 15px;} 
h1{font-size:2.4em;margin:0;color:#FFF;}
h2{font-size:1.7em;margin:0;color:#CC0000;} 
h3{font-size:1.2em;margin:10px 0 0 0;color:#000000;} 
#header{width:96%;margin:0 0 0 0;padding:6px 2% 6px 2%;font-family:"trebuchet MS", Verdana, sans-serif;color:#FFF;
background-color:#555555;}
#content{margin:0 0 0 2%;position:relative;}
.content-container{background:#FFF;width:96%;margin-top:8px;padding:10px;position:relative;}
-->
</style>
</head>
<body>
<div id="header"><h1>Server Error</h1></div>
<div id="content">
 <div class="content-container"><fieldset>
  <h2>404 - File or directory not found.</h2>
  <h3>The resource you are looking for might have been removed, had its name changed, or is temporarily unavailable.</h3>
 </fieldset></div>
</div>
</body>
</html>

10-02 16:20:22 ERROR com.teamcenter.soa.internal.client.XmlRestSender - Received an unexpected HTTP response from the server with status code 404
10-02 16:20:22 ERROR com.teamcenter.soa.internal.client.XmlRestSender - The response XML:
Empty
[31mF[0m[36m-[0m[36m-[0m[36m-[0m

[31mFailed scenarios:[0m
[31mfeature/itemcreate.feature:7 [0m# Scenario: To verify that basic Item Creation functionality works in Teamcenter Enviornment

1 Scenarios ([31m1 failed[0m)
4 Steps ([31m1 failed[0m, [36m3 skipped[0m)
0m3.975s

java.lang.RuntimeException: com.teamcenter.schemas.soa._2006_03.exceptions.ProtocolException: Received an unexpected HTTP response from the server with status code 404
	at com.siemens.soa.util.resources.POCExceptionHandler.handleException(LoginManager.java:201)
	at com.teamcenter.soa.internal.client.XmlRestSender.invokeImpl(Unknown Source)
	at com.teamcenter.soa.internal.client.XmlRestSender.invoke3(Unknown Source)
	at com.teamcenter.services.strong.core.SessionRestBindingStub.login(Unknown Source)
	at com.siemens.soa.util.resources.LoginManager.login(LoginManager.java:87)
	at com.siemens.soa.util.tests.StepDef.loginSOA(StepDef.java:82)
	at com.siemens.soa.util.tests.StepDef.Login(StepDef.java:105)
	at ?.Given I am Logged in Teamcenter(feature/itemcreate.feature:8)
Caused by: com.teamcenter.schemas.soa._2006_03.exceptions.ProtocolException: Received an unexpected HTTP response from the server with status code 404
	at com.teamcenter.soa.internal.client.HttpTransport.executeRequest(Unknown Source)
	at com.teamcenter.soa.internal.client.XmlRestSender.invokeImpl(Unknown Source)
	at com.teamcenter.soa.internal.client.XmlRestSender.invoke3(Unknown Source)
	at com.teamcenter.services.strong.core.SessionRestBindingStub.login(Unknown Source)
	at com.siemens.soa.util.resources.LoginManager.login(LoginManager.java:87)
	at com.siemens.soa.util.tests.StepDef.loginSOA(StepDef.java:82)
	at com.siemens.soa.util.tests.StepDef.Login(StepDef.java:105)
	at sun.reflect.NativeMethodAccessorImpl.invoke0(Native Method)
	at sun.reflect.NativeMethodAccessorImpl.invoke(Unknown Source)
	at sun.reflect.DelegatingMethodAccessorImpl.invoke(Unknown Source)
	at java.lang.reflect.Method.invoke(Unknown Source)
	at cucumber.runtime.Utils$1.call(Utils.java:40)
	at cucumber.runtime.Timeout.timeout(Timeout.java:16)
	at cucumber.runtime.Utils.invoke(Utils.java:34)
	at cucumber.runtime.java.JavaStepDefinition.execute(JavaStepDefinition.java:38)
	at cucumber.runtime.StepDefinitionMatch.runStep(StepDefinitionMatch.java:37)
	at cucumber.runtime.Runtime.runStep(Runtime.java:300)
	at cucumber.runtime.model.StepContainer.runStep(StepContainer.java:44)
	at cucumber.runtime.model.StepContainer.runSteps(StepContainer.java:39)
	at cucumber.runtime.model.CucumberScenario.run(CucumberScenario.java:44)
	at cucumber.runtime.model.CucumberFeature.run(CucumberFeature.java:165)
	at cucumber.runtime.Runtime.run(Runtime.java:122)
	at cucumber.api.cli.Main.run(Main.java:36)
	at cucumber.api.cli.Main.main(Main.java:18)

